
* Mint&Ubuntu install&config
 the new os should do this for update 
  - config software sources
  - sudo apt-get update
  - sudo apt-get upgrate
** 挂载磁盘
   在文件中添加要挂载的分区和文件目录
   /etc/fstab
   /dev/sda5/    media/win    ntfs    defaults   02
   然后mount -a
** pinyin input
*** install
  1. install chinese language pack
     sudo apt-get install language-pack-zh-hans language-pack-gnome-zh-hans libreoffice-l10n-zh-cn thunderbird-locale-zh-hans firefox-locale-zh-hans
  2. install Fcitx
     sudo apt-get install fcitx fcitx-table-wubi-large fcitx-frontend-all fcitx-frontend-gtk2 fcitx-frontend-gtk3 fcitx-frontend-qt4 fcitx-config-gtk fcitx-ui-classic fcitx-module-kimpanel fcitx-module-dbus libopencc1 fcitx-libs-qt
  3. install sugou input
     to the official website to download
*** config
    im-config-->fcitx
** chrome
*** install
   # 64 位
   wget https://dl.google.com/linux/direct/google-chrome-stable_current_amd64.deb
   sudo gdebi google-chrome-stable_current_amd64.deb
   # 32 位
   wget https://dl.google.com/linux/direct/google-chrome-stable_current_i386.deb
   sudo gdebi google-chrome-stable_current_i386.deb
  
** emacs
*** install
    sudo apt-get install emacs
*** COMMENT config
   1. replace ./emacs.d
      [[https://github.com/redguardtoo/emacs.d][redguardtoo]]'s ./emacs.d download it  
   2. how to use
      read ./emacs.d/BETA.org 
   3. personal configuration
      + org-->markdown
        - install new version org-mode
          write to ~/.custom.el
          >(require 'package)
          >(add-to-list 'package-archives '("org" . "http://orgmode.org/elpa/") t)
          M-x list-packages RET  install latest org  and org-plus-contrib
        - how to use
          C-c C-e / M-x org-md-export-to-md
      + org-mode achieve GTD
        - configuration
         #+BEGIN_SRC
;;;;;;;;;;;;;;;;;;;;;;;;;;;;;;;;;;;;;;;;;;;;;;;;;;;;;
;;org-mode settings
;;;;;;;;;;;;;;;;;;;;;;;;;;;;;;;;;;;;;;;;;;;;;;;;;;;;;;
;; config org-->markdown demand
(setq org-export-backends (quote (ascii html icalendar latex md)))
;;install lastest org
(require 'package)
(add-to-list 'package-archives '("org" . "http://orgmode.org/elpa/") t)
;;Org basic configure
(global-set-key "\C-cl" 'org-store-link)
(global-set-key "\C-ca" 'org-agenda)
(global-set-key "\C-cb" 'org-iswitchb)
;; agenda view
(setq org-agenda-files (list "~/doc/org/task.org"))
;;Diary and Task's shortcuts
(define-key global-map "\C-cc" 'org-capture)
(setq org-capture-templates
      '(("t" "Todo" entry (file+headline "~/doc/org/task.org" "Tasks")
         "* TODO %?\n %i\n %a")
        ("j" "Journal" entry (file+datetree "~/doc/org/journal.org")
         "* %?\nEntered on %U\n %i\n %a")
         ("i" "Inbox" entry (file+datetree "~/doc/org/inbox.org")
         "* %?\nEntered on %U\n %i\n %a")
          ("n" "Note4Blog" entry (file+datetree "~/doc/org/note.org")
         "* %?\nEntered on %U\n %i\n %a")
        ))

;; Task state settings
(setq org-todo-keywords
     '((sequence "TODO(t!)" "SOMEDAY(s)" "|" "DONE(d@/!)" "UNDO(u@/!)" "ABORT(a@/!)")
              ))

          #+END_SRC
        - how to use
      + solve emacs and fctix conflit
        >(global-set-key (kbd "C-SPC") 'nil)
      + linum-mode show line numbers
        write to ./custom.el
        >(add-hook'speedbar-mode-hook'(lambda()(linum-mode-1)))
      + Maximize Settings
        - configuration
          #+BEGIN_SRC
;;;;;;;;;;;;;;;;;;;;;;;;;;;;;;;;;;
;; achieve Maximize，shortcuts f11
;;;;;;;;;;;;;;;;;;;;;;;;;;;;;;;;;;
(global-set-key [f11] 'my-fullscreen)
(defun my-fullscreen ()
(interactive)
(x-send-client-message
nil 0 nil "_NET_WM_STATE" 32
'(2 "_NET_WM_STATE_FULLSCREEN" 0))
)
;;Maximize the window settings
(defun my-maximized ()
(interactive)
(x-send-client-message
nil 0 nil "_NET_WM_STATE" 32
'(2 "_NET_WM_STATE_MAXIMIZED_HORZ" 0))
(x-send-client-message
nil 0 nil "_NET_WM_STATE" 32
'(2 "_NET_WM_STATE_MAXIMIZED_VERT" 0))
)
;; emacs Maximize start
(my-maximized)

          #+END_SRC
        - how to use
** vim
*** install 
    sudo apt-get install vim-gtk
*** config
   1. download this config
      http://www.oschina.net/code/snippet_574132_13357
   2. how to use
      * step1: install Ctags & Cscope 
        sudo apt-get install exuberant-ctags
        sudo apt-get install cscope
      * step2: .vim & .vimrc
         replace or new .vim & .vimrc into ~ 
   3. personal configuration    
** intreast
  1. sudo apt-get install sl
  2. sudo apt-get install fortune
     sudo apt-get install fortune-zh
   
     aphorisms
  3. sudo apt-get install cowsay
   animal say
  4. sudo apt-get install figlet
   wordart
  5. sudo apt-get install toilet
   colored  wordart 
  6. sudo apt-get install oneko
   hello-kity run with your mouse
** ubuntu install gdebi
  sudo apt-get install gdebi
** ubuntu install theme
  theme:http://kde-look.org/index.php?xcontentmode=167&PHPSESSID=6
   cp to /usr/share/theme
   ubuntu tweak:http://ubuntu-tweak.com/
   
** mint config java develop env
*** install jdk
    * step1 uninstall openjdk
       sudo apt-get purge openjdk-\*
    * step2 install jdk
      1. download jdk1.8
         http://www.oracle.com/technetwork/java/javase/downloads/jdk8-downloads-2133151.html
      2. install
         mkdir -p ~/opt/java/jdk1.8
         tar -zxvf jdk-8u45-linux-i586.tar.gz
         cd jdk1.8.0_45/
         cp  * ~/opt/java/jdk1.8/ -rf
      3. set up environment
       + vim ~/.bashrc
         #+BEGIN_SRC 
         export JAVA_HOME=/home/manue1/opt/java/jdk1.8
         export JRE_HOME=${JAVA_HOME}/jre
         export CLASSPATH=.:${JAVA_HOME}/lib:${JRE_HOME}/lib
         export PATH=${JAVA_HOME}/bin:$PATH
         #+END_SRC   
       + source .bashrc
         java -version
      4. change jdk version
         javac -version 要与java -version 一致
         
*** install apache-tomcat
    * step1 download tomcat tar to ~/opt
      cd ~/opt
      tar -zxvf ~/Downloads/apache-tomcat-8.0.23.tar.gz  -C .
    * step2 config environment
      + view env
       java -version
       echo $JAVA_HOME
       echo $JDK_HOME
      + change configuration .bachrc
       vim ~/.bashrc 
       #+BEGIN_SRC
#jdk config
export JAVA_HOME=/usr/java/jdk1.8
export CALSSPATH=$JAVA_HOME/lib/*.*
#tomcat config
export TOMCAT_HOME=~/opt/tomcat
export CATALINA_HOME=~/opt/tomcat
#path config
export PATH=$PATH:$JAVA_HOME/bin:$TOMCAT_HOME/bin
       #+END_SRC
    * step3 目录权限
       当前用户可读可执行
       chwon manue1 ~/opt/tomcat
       chmod -R +x ~/opt/tomcat/*  
       chmod +r ~/opt/tomcat/conf/*
    * step4 关闭防火墙
       sudo service iptables stop
      sudo chkconfig iptables off
    * step5 how to use
      sh tomcat/bin/startup.sh 
      sh tomcat/bin/shutdown.sh 
** install oracle 11g
    * step1 Download
      http://www.oracle.com/technetwork/database/enterprise-edition/downloads/112010-linx8664soft-100572.html 
      refer:http://tutorialforlinux.com/2014/10/03/how-to-install-oracle-11g-r2-database-on-linux-mint-17-qiana-lts-64bit-easy-guide/
    * step2 Login as root 
      su
    * step3 Make network configuration
      >hostname
      >ifconifg
      >cat /etc/hosts
      >xhost +127.0.0.1
    * step4 install prerequisite packages 
      apt-get update
      apt-get dist-upgrade 
      #+BEGIN_SRC 
      apt-get install alien autoconf automake autotools-dev binutils doxygen \
elfutils expat gawk gcc gcc-multilib g++-multilib libstdc++6:i386 ksh less libtiff4 \
libtiff4-dev lib32z1 libaio1 libaio-dev libc6-dev libc6-dev-i386 libc6-i386 \
libelf-dev libltdl-dev libmotif4 libodbcinstq4-1 libodbcinstq4-1:i386 \
libpthread-stubs0 libpth-dev libstdc++5 lsb-cxx make \
pdksh openssh-server rlwrap rpm sysstat unixodbc unixodbc-dev x11-utils \
zlibc libglapi-mesa:i386 libglu1-mesa:i386 libqt4-opengl:i386 \
libpthread-workqueue0 libpthread-workqueue-dev libzthread-2.3-2 libzthread-dev \
libpthread-stubs0-dev
    

sudo apt-get install libaio1
      #+END_SRC
     + How-to Install libtiff4, libtiff4-dev a libpthread-stubs0
       vim /etc/apt/sources.list.d/extra.list
       #+BEGIN_SRC 
       deb http://cz.archive.ubuntu.com/ubuntu trusty main
       deb http://cz.archive.ubuntu.com/ubuntu precise main
       #+END_SRC
       then apt-get install package-name
       if invalid , single download install
       http://packages.ubuntu.com/precise/amd64/libtiff4/download
       dpkg -i /home/manue1/Downloads/libtiff4_3.9.5-2ubuntu1.8_amd64.deb
       http://packages.ubuntu.com/trusty/amd64/libpthread-stubs0-dev/download
       dpkg -i /home/manue1/Downloads/libpthread-stubs0-dev_0.3-4_amd64.deb
       http://packages.ubuntu.com/precise/amd64/libpthread-stubs0/download
       dpkg -i /home/manue1/Downloads/libpthread-stubs0_0.3-3_amd64.deb
    * step5 Make Symlinks to Binaries and Libraries 
     + Linking Binaries
      ln -s /usr/bin/awk /bin/awk
      ln -s /usr/bin/rpm /bin/rpm
      ln -s /usr/bin/basename /bin/basename
     + Linking Libraries
       ln -s /usr/lib/x86_64-linux-gnu /usr/lib64
       cd /lib64
       ln -s /lib/x86_64-linux-gnu/libgcc_s.so.1 . 
    * step6 Add groups and user
     groupadd -g 502 oinstall
     groupadd -g 503 dba
     groupadd -g 504 oper
     groupadd -g 505 asmadmin
     useradd -u 502 -g oinstall -G dba,asmadmin,oper -s /bin/bash -m oracle
     passwd oracle
    * step7 Make Target Directories
     	 mkdir -p /u01/app/oracle/product/11.2.0/
    	chown -R oracle:oinstall /u01
	    chmod -R 775 /u01
    * step8 Parameters Configuration setup
      + vim /etc/sysctl.conf
        #+BEGIN_SRC 
        #### Oracle 11g Kernel Parameters ####
        fs.suid_dumpable = 1
        fs.aio-max-nr = 1048576
        fs.file-max = 6815744
        kernel.shmall = 2097152
        kernel.shmmax = 536870912
        kernel.shmmni = 4096
        # semaphores: semmsl, semmns, semopm, semmni
        kernel.sem = 250 32000 100 128
        net.ipv4.ip_local_port_range = 9000 65500 
        net.core.rmem_default=4194304
        net.core.rmem_max=4194304
        net.core.wmem_default=262144
        net.core.wmem_max=1048586
        #+END_SRC
      + vim /etc/security/limits.conf
        #+BEGIN_SRC 
#### oracle User Settings 4 Oracle 11g ####
oracle       soft  nproc  2047
oracle       hard  nproc  16384
oracle       soft  nofile 1024
oracle       hard  nofile 65536
oracle       soft  stack  10240
        #+END_SRC
        /sbin/sysctl -p
    * step9 Unzip, set oracle as Owner and Relocate database
      cd /home/[myUser]/Downloads
      unzip linux_11gR2_database_1of2.zip
      unzip linux_11gR2_database_2of2.zip
      chown -R oracle:oinstall database
      mv database /tmp
    * step10 Add Paths to oracle's .bashrc
      su oracle
      + vim ~/.bashrc
        #+BEGIN_SRC 
# Oracle Settings
TMP=/tmp; export TMP
TMPDIR=$TMP; export TMPDIR
ORACLE_HOSTNAME=[HOSTNAME]; export ORACLE_HOSTNAME
ORACLE_UNQNAME=DB11G; export ORACLE_UNQNAME
ORACLE_BASE=/u01/app/oracle; export ORACLE_BASE
ORACLE_HOME=$ORACLE_BASE/product/11.2.0/dbhome_1; export ORACLE_HOME
ORACLE_SID=[DBSID]; export ORACLE_SID
PATH=/usr/sbin:$PATH; export PATH
PATH=$ORACLE_HOME/bin:$PATH; export PATH
LD_LIBRARY_PATH=$ORACLE_HOME/lib:/lib:/usr/lib:/usr/lib64; export LD_LIBRARY_PATH
CLASSPATH=$ORACLE_HOME/jlib:$ORACLE_HOME/rdbms/jlib; export CLASSPATH
      #+END_SRC      
        Replace [HOSTNAME] with ip and [DBSID] with SID name
      source ~/.bashrc
    * step11 Install the Oracle 11g Software
      xhost +
      su oracle
      export DISPLAY=:0
      cd /tmp/database
      ./runInstaller
      + 安装到68%时的错 
        ins_ctx.mk的错误提示，直接contiue跳过去 
        后面还回报错： 
        make file '/......emagent.mk'出错 
        解决方法： 
        另开一个终端，键入命令行： 
        sed -i 's/^\(\s*\$(MK_EMAGENT_NMECTL)\)\s*$/\1 -lnnz11/g' $ORACLE_HOME/sysman/lib/ins_emagent.mk 
        点击安装界面的retry,就可以继续了 
        类似的后面还会提示四次，以下面的命令行如法炮制 
        sed -i 's/^\(\$LD \$LD_RUNTIME\) \(\$LD_OPT\)/\1 -Wl,--no-as-needed \2/g' $ORACLE_HOME/bin/genorasdksh 
        sed -i 's/^\(\s*\)\(\$(OCRLIBS_DEFAULT)\)/\1 -Wl,--no-as-needed \2/g' $ORACLE_HOME/srvm/lib/ins_srvm.mk 
        sed -i 's/^\(TNSLSNR_LINKLINE.*\$(TNSLSNR_OFILES)\) \(\$(LINKTTLIBS)\)/\1 -Wl,--no-as-needed \2/g'
          $ORACLE_HOME/network/lib/env_network.mk 
        sed -i 's/^\(ORACLE_LINKLINE.*\$(ORACLE_LINKER)\) \(\$(PL_FLAGS)\)/\1 -Wl,--no-as-needed \2/g' $ORACLE_HOME/rdbms/lib/env_rdbms.mk 

     安装完成会提示有两个sh文件需要运行： 
     打开另开一个终端： 
     sudo /home/xxx/app/xxx/oracle/oraInventory/orainstRoot.sh 
     sudo /home/xxx/app/xxx/oracle/Oracle11gee/product/11.2.0/dbhome_1/root.sh 
     安装完成！
      
   + 启动oracle
    1. 启动oralce的监听进程：
       $lsnrctl start
    2. 进入独占的系统用户下，启动oralce数据库：
       $sqlplus /nolog
       SQL>connect / as sysdba
       SQL>startup;


*** error
   *  重新安装时You do not have sufficient permissions to access the inventory
      http://www.linuxdiyf.com/viewarticle.php?id=57730
      删除/etc/oraInst.loc和oratab这两个文件
   *  ORA-01034: ORACLE not available ORA-27101: shared memory realm does not exist Linux-x86_64 Error: 2:
      1 、先看oracle的监听和oracle的服务是否都启动了。启动oracle监听：
          输入lsnrctl start，回车即启动监听。
      2 、查看oracle的sid叫什么
      3 、再输入sqlplus  /nolog
          再输入 conn / as sysdba;
      4、再输入startup，回车.这步是启动oracle服务。
         如果startup启动被告知已经启动了，可以先输入shutdown immediate；等shutdown结束之后，再输入startup。
      5 、过几秒钟等命令运行完成，就能连接了。这个时候，可以输入"select * from user_tables;"测试一下，看是否有查询结果。
      6 、出现ORA-01034和ORA-27101的原因是多方面的：主要是oracle当前的服务不可用，shared memory realm does not exist，
         是因为oracle没有启动或没有正常启动，共享内存并没有分配给当前实例.所以，通过设置实例名，再用操作系统身份验证的方式，
        启动数据库。这样数据库就正常启动了，就不会报ORA-01034和ORA-27101两个启动异常了。
   *  oracle 插入中文乱码问题
      因为你的环境默认下NLS_LANG环境变量是english的，只要在/etc/profile文件中加入export NLS_LANG="SIMPLIFIED CHINESE_CHINA.UTF8"
      然而没效果
       refer： http://zhidao.baidu.com/link?url=45zj7JNCFNveMsKFZztQcQxHPPP52j4W5AWA8r6dNPpGP64V7TCu9L4-MC64X9tSBwGFi3ljwKKXUk0BwoVbla
      + 1.数据库全备
      + 2.查询当前字符集
        SQL> select * from nls_database_parameters where parameter='NLS_CHARACTERSET';
      + 3.关闭数据库
        SQL> shutdown immediate
      + 4.启动数据库到mount状态
        SQL> startup mount
      + 5.限制session
        SQL> alter system enable restricted session;
      + 6.查询相关参数并修改
        SQL> show parameter job_queue_processes; 
        SQL> show parameter aq_tm_processes; 
        SQL> alter system set job_queue_processes=0;
      + 7.打开数据库
        SQL> alter database open;
      + 8.修改字符集
        SQL> alter database character set ZHS16GBK;
        ORA-12712: new character set must be a superset of old character set出现错误提示，
        新字符集必须是老字符集的超集，也就原来字符集是新字符集的子集，可以再Oracle官方文档上查询字符集包含关系。
        下面使用Oracle内部命令internal_use，跳过超集检查，生产环境不建议使用此方法。
        SQL> alter database character set internal_use ZHS16GBK; 
        Database altered.
      + 9.查询当前字符集
        SQL> select * from nls_database_parameters where parameter='NLS_CHARACTERSET';
        PARAMETER VALUE
        ---------------------------------------- ----------------------------------------
        NLS_CHARACTERSET ZHS16GBK
      + 10.关闭数据库
        SQL> shutdown immediate
      + 11.启动数据库到mount状态
        SQL> startup mount
      + 12.将相关参数改回原来值
        SQL> alter system set job_queue_processes=10;
        System altered.
      + 13.打开数据库
        SQL> alter database open;
        Database altered.
   *  ORA-12526, TNS:listener: all appropriate instances are in restricted mode
      数据库处于受限模式，禁止了先。
      SQL> alter system disable restricted session;
      System altered.
      重新启动应用，正常连接。
      原因：
     数据库维护时执行了下面的语句限制用户登陆：
     ALTER SYSTEM ENABLE RESTRICTED SESSION;   
     解决办法：
     ALTER SYSTEM DISABLE RESTRICTED SESSION; 
   *  ORA-29275: partial multibyte character
      之前插入的乱码字符 删掉之后就不报错了
** install eclipse
    * step1 download & install
      https://eclipse.org/downloads/
      tar -zxvf  ~/Downloads/eclipse-jee-mars-R-linux-gtk-x86_64.tar.gz 
      copy to opt/eclipse
    * step2 create shortcut
      sudo ln -s ~/opt/eclipse/eclipse /usr/local/bin/eclipse
    * step2 安装常用插件
      + theme
        Eclipse Moonrise UI Theme
        Eclipse color theme
      + vim
        vrapper
** install mybase for linux
   * download
     http://www.wjjsoft.com/mybase_cn.html#download
   * install
     sudo ln -s ~/opt/myBase7/myBase /usr/local/bin/mybase
** install mysql
   * 1.检查系统中是否已经安装了mysql
     sudo netstat -tap | grep mysql
     没有反应 说明没有安装
   * 2.安装mysql
     sudo apt-get install mysql-server mysql-client
   * 3.测试安装
     sudo netstat -tap | grep mysql
     mysql -u root -p 
   * 4.mysql简单管理
     启动MySQL服务：                       sudo service mysql start
     停止MySQL服务：                       sudo stop mysql
     修改 MySQL 的管理员密码：     sudo mysqladmin -u root password newpassword
     设置远程访问(正常情况下，mysql占用的3306端口只是在IP127.0.0.1上监听，
     拒绝了其他IP的访问（通过netstat可以查看到）。取消本地监  听需要修改 
     my.cnf 文件：    
       sudo vi /etc/mysql/my.cnf
       bind-address = 127.0.0.1 //找到此内容并且注释
   * 5.mysql目录结构
     数据库存放目录：               /var/lib/mysql/
     相关配置文件存放目录：          /usr/share/mysql
     相关命令存放目录：             /usr/bin(mysqladmin mysqldump等命令)
     启动脚步存放目录：            /etc/rc.d/init.d/
   * 6.mysql 大小写敏感问题
     sudo vim /etc/mysql/mysql.conf.d/mysqld.cnf 
     在[mysqld]节下 添加 lower_case_table_names=1 参数，并设置相应的值 (备注：为0时大小写敏感，为1时大小写不敏感，默认为0
   * 7 常见问题
      *  删除不掉数据库
         mysql> drop database elvdou;
         ERROR 1010 (HY000): Error dropping database (can't rmdir './elvdou', errno: 39)

** install vmware workstation
   key:1F04Z-6D111-7Z029-AV0Q4-3AEH8
   卸载vmware 
   vmware-installer -l
   sudo vmware-installer --uninstall-product vmware-workstation
   安装vmware
    chmod a+x 
    ./
    安装VBox
** shadowsock vpn
   * step1 install
     sudo apt-get install python-pip 
     pip install shadowsocks
     然而并没有用
     sudo apt-get install shadowsocks  直接安装
   * step2 连接
     alias
     sslocal -s 地址 -p 服务端口 -b 127.0.0.1 -l 1080 -k 密码 -t 600 -m aes-256-cfb
     
** chm阅读
     sudo apt-get  update
     sudo apt-get install kchmviewer

** smplayer 视频软件
   sudo apt-get install  smplayer
   ubuntu内置的video软件很好用
** xbmc 安装
   太强大大媒体中心
   sudo add-apt-repository ppa:team-xbmc 
   sudo apt-get update
   sudo apt-get install xbmc
** ubuntu15.04 wifi热点共享
  + 1.下载
    在ubuntu软件中心搜索kde nm connection
  + 2.配置
    kde5-nm-connection-editor
    跳出连接编辑器的图形界面 在图形界面点击
    添加-->Wireless(shared)
    弹出New Connection (New 802-11-wireless connection)图形界面
    Connection name:更改为mywifi(默认为New 802-11-wireless connection)
    SSID:更改为mywifi(默认为my_shared_connection)
    模式:选择Access Point
    Restrict to device:选择你的无线网卡
    点击无线安全选项卡
    安全:选择WPA & WPA2 Personal
    密码:填入你要设置的密码(至少8位)
  + 3.连接
    我们点击最上方网络管理的图标，选择 连接到隐藏的Wi-Fi网络
    Wifi适配器:选择我们设置了的无线网络
    连接:选择我们刚刚建立的连接名称(mywifi)
    之后网络名称(SSID)，Wi-Fi安全性,密码会自动填写并变成灰色
    点击确定
** ubuntu 系统备份还原
  * step1: su root 
  * step2: cd /
  * step3: 备份
    
    命令：tar -cvpzf /media/win/ubuntu.tgz --exclude=/proc --exclude=/lost+found --exclude=/media --exclude=/mnt --exclude=/sys /

   （注意最后一个/前有一个空格）

    + 解释下这个命令：
      'tar' 是用来备份的程序
      c - 新建一个备份文档
      v - 详细模式， tar程序将在屏幕上实时输出所有信息。
      p - 保存许可，并应用到所有文件。
      z - 采用‘gzip’压缩备份文件，以减小备份文件体积。
      f <filename> - 说明备份文件存放的路径， /ubuntu.tgz 是本例子中备份文件名。
  * step4: 还原系统
    
       tar -xvpzf  /media/win/ubuntu.tgz -C /
      + 参数
       x是告诉tar程序解压缩备份文件。
       -C <directory> 参数是指定tar程序解压缩到的目录。 ( 在本例中是/ )
     重新创建你剔除的目录：
     ( /proc, /lost+found, /mnt, /sys  /media)
** ubuntu 安装vsftp
   也可以使用filezilla客户端
   sudo apt-get install filezilla


   sudo apt-get install vsftpd
   然后修改/etc/vsftpd.conf文件
   
   修改如下几行：

   #为注释的意思，最前面不加#就是取消掉它的注释，使之生效
   anonymous_enable=YES    #设置匿名可登录
   
   anonymous_enable=YES    #设置匿名可登录

   local_enable=YES        #本地用户允许登录
   
   local_enable=YES        #本地用户允许登录
   
   write_enable=YES        #用户是否有写的权限

   write_enable=YES        #用户是否有写的权限

   anon_upload_enable=YES   #允许匿名用户上传

   anon_upload_enable=YES   #允许匿名用户上传

   anon_mkdir_write_enable=YES   #允许匿名用户创建目录文件

   anon_mkdir_write_enable=YES   #允许匿名用户创建目录文件

   其他的就不用管了，保存文件。
   
   重启vsftpd服务器
   sudo service vsftpd restart
   
   我们在/srv/ftp 文件夹新建两个文件夹，一个是upload，一个是download

   执行下面的两条指令
   sudo chmod -R 777 /srv/ftp/upload
   
   sudo chmod -R 777 /srv/ftp/upload
   
   sudo chmod -R 755 /srv/ftp/download

   sudo chmod -R 755 /srv/ftp/download
** ubuntu 安装samba
   * step 1: samba 安装 
      sudo apt-get install samba
   * step 2: 创建共享目录
      mkdir ~/samba-share
      sudo chmod 777 ~/samba-share/
   * step 3: 创建samba配置文件
     1. 保存现有的配置文件
        sudo cp /etc/samba/smb.conf /etc/samba/smb.conf.bak
     2. 修改现配置文件
        sudo gedit /etc/samba/smb.conf   
        在smb.conf最后添加
       [share]
         path = /home/manue1/share
         available = yes
         browsealbe = yes
         public = yes
         writable = yes
   * step 4: 创建samba用户
     sudo touch /etc/samba/smbpasswd
     sudo smbpasswd -a manue1
   * step 5: 重启samba服务器
     sudo /etc/init.d/samba restart
** ubuntu 安装shutter截图工具
   sudo apt-get install shutter
** ubuntu 安装百度云
   https://github.com/LiuLang/bcloud-packages
   下载
   
** ubuntu 安装BT
   * Deluge
    sudo add-apt-repository ppa:deluge-team/ppa 
    sudo apt-get update
    sudo apt-get install deluge
   * Vuze
     sudo apt-get install vuze
** ssh翻墙图形化利器
   sudo apt-get install gstm
** ubuntu shutter 截图工具
   sudo apt-get install shutter
** ubuntu 删除不必要的插件
   *  删除libreoffice
      sudo apt-get remove libreoffice-common
   *  删除Amazon的链接
      sudo apt-get remove unity-webapps-common
   *  删除不用的自带软件
      sudo apt-get remove thunderbird totem rhythmbox empathy brasero simple-scan gnome-mahjongg aisleriot gnome-mines cheese transmission-common gnome-orca webbrowser-app gnome-sudoku  landscape-client-ui-install
      删除备份软件
      sudo apt-get remove onboard deja-dup
** ubuntu 安装经典菜单指示器
   sudo add-apt-repository ppa:diesch/testing  
   sudo apt-get update  
   sudo apt-get install classicmenu-indicator
** ubuntu 安装xmind思维导图软件
   
** ubuntu 安装局域网流量监控软件
   * 自带 tcpdump
   * wireshark 
     前身叫ethereal
   * iptraf 
    sudo apt-get install iptraf
   * nbtscan
     
